Day2_18-10-2016_Version Control with Git
https://swcarpentry.github.io/git-novice/reference/
$ cd ~ ## to get into home directory
$ mkdir  planets## make directory

$ ls -a


$ git config --global user.name "Meiyalaghan" ## to say that I am the owner of all rep on this git reps.

 save all changes of all files in staging area

### COPY FROM GitBash: ay2_18-10-2016_Version Control
 
 
Cflmss@LIN-L-427799 MINGW64 /
$ getwd()

Cflmss@LIN-L-427799 MINGW64 /
$ cd ~ ## to get into home directory 

Cflmss@LIN-L-427799 MINGW64 ~
$ pwd
/c/Users/cflmss

Cflmss@LIN-L-427799 MINGW64 ~
$ mkdir planets

Cflmss@LIN-L-427799 MINGW64 ~
$ cd planets/

Cflmss@LIN-L-427799 MINGW64 ~/planets
$ ls -a
./  ../

Cflmss@LIN-L-427799 MINGW64 ~/planets
$ git init
Initialized empty Git repository in C:/Users/cflmss/planets/.git/

Cflmss@LIN-L-427799 MINGW64 ~/planets (master)
$ ls -a
./  ../  .git/

Cflmss@LIN-L-427799 MINGW64 ~/planets (master)
$ ls .git/ ## to see files in git folder - don't change these files/folders
config  description  HEAD  hooks/  info/  objects/  refs/

Cflmss@LIN-L-427799 MINGW64 ~/planets (master)
$ git config --global user.name "Meiyalaghan"

Cflmss@LIN-L-427799 MINGW64 ~/planets (master)
$ git config --global core.editor "nano -w"

Cflmss@LIN-L-427799 MINGW64 ~/planets (master)
$ git config --global core.editor "nano -wgit config --global core.editor "nano -w""

Cflmss@LIN-L-427799 MINGW64 ~/planets (master)
$ cat ~/.gitconfig
[user]
        name = Meiyalaghan
[core]
        editor = nano -wgit config --global core.editor nano

Cflmss@LIN-L-427799 MINGW64 ~/planets (master)
$ ls
mars.txt

Cflmss@LIN-L-427799 MINGW64 ~/planets (master)
$ git status
On branch master

Initial commit

Untracked files:
  (use "git add <file>..." to include in what will be committed)

        mars.txt

nothing added to commit but untracked files present (use "git add" to track)

Cflmss@LIN-L-427799 MINGW64 ~/planets (master)
$ git add mars.txt

Cflmss@LIN-L-427799 MINGW64 ~/planets (master)
$ git status
On branch master
